ets Jun  8 2016 00:22:57

rst:0x1 (POWERON_RESET),boot:0x13 (SPI_FAST_FLASH_BOOT)
configsip: 0, SPIWP:0xee
clk_drv:0x00,q_drv:0x00,d_drv:0x00,cs0_drv:0x00,hd_drv:0x00,wp_drv:0x00
mode:DIO, clock div:2
load:0x3fff0030,len:7132
ho 0 tail 12 room 4
load:0x40078000,len:15708
load:0x40080400,len:4
ho 8 tail 4 room 4
load:0x40080404,len:3884
entry 0x40080650
[0;32mI (32) boot: ESP-IDF v5.2-dev-2368-g52bca70b1a 2nd stage bootloader[0m
[0;32mI (32) boot: compile time Aug 24 2023 18:13:04[0m
[0;32mI (34) boot: Multicore bootloader[0m
[0;32mI (38) boot: chip revision: v1.0[0m
[0;32mI (42) boot.esp32: SPI Speed      : 40MHz[0m
[0;32mI (46) boot.esp32: SPI Mode       : DIO[0m
[0;32mI (51) boot.esp32: SPI Flash Size : 2MB[0m
[0;32mI (55) boot: Enabling RNG early entropy source...[0m
[0;32mI (61) boot: Partition Table:[0m
[0;32mI (64) boot: ## Label            Usage          Type ST Offset   Length[0m
[0;32mI (72) boot:  0 nvs              WiFi data        01 02 00009000 00006000[0m
[0;32mI (79) boot:  1 phy_init         RF data          01 01 0000f000 00001000[0m
[0;32mI (87) boot:  2 factory          factory app      00 00 00010000 00100000[0m
[0;32mI (94) boot: End of partition table[0m
[0;32mI (98) esp_image: segment 0: paddr=00010020 vaddr=3f400020 size=2014ch (131404) map[0m
[0;32mI (154) esp_image: segment 1: paddr=00030174 vaddr=3ffb0000 size=0370ch ( 14092) load[0m
[0;32mI (160) esp_image: segment 2: paddr=00033888 vaddr=40080000 size=0c790h ( 51088) load[0m
[0;32mI (181) esp_image: segment 3: paddr=00040020 vaddr=400d0020 size=7f9b4h (522676) map[0m
[0;32mI (370) esp_image: segment 4: paddr=000bf9dc vaddr=4008c790 size=09304h ( 37636) load[0m
[0;32mI (397) boot: Loaded app from partition at offset 0x10000[0m
[0;32mI (397) boot: Disabling RNG early entropy source...[0m
[0;32mI (409) cpu_start: Multicore app[0m
[0;32mI (409) cpu_start: Pro cpu up.[0m
[0;32mI (409) cpu_start: Starting app cpu, entry point is 0x400811d4[0m
[0;32mI (0) cpu_start: App cpu up.[0m
[0;32mI (427) cpu_start: Pro cpu start user code[0m
[0;32mI (427) cpu_start: cpu freq: 160000000 Hz[0m
[0;32mI (427) cpu_start: Application information:[0m
[0;32mI (432) cpu_start: Project name:     wifi_softAP[0m
[0;32mI (437) cpu_start: App version:      501a2b3-dirty[0m
[0;32mI (443) cpu_start: Compile time:     Aug 24 2023 18:12:49[0m
[0;32mI (449) cpu_start: ELF file SHA256:  4b27d5745...[0m
[0;32mI (454) cpu_start: ESP-IDF:          v5.2-dev-2368-g52bca70b1a[0m
[0;32mI (461) cpu_start: Min chip rev:     v0.0[0m
[0;32mI (465) cpu_start: Max chip rev:     v3.99 [0m
[0;32mI (470) cpu_start: Chip rev:         v1.0[0m
[0;32mI (475) heap_init: Initializing. RAM available for dynamic allocation:[0m
[0;32mI (482) heap_init: At 3FFAE6E0 len 00001920 (6 KiB): DRAM[0m
[0;32mI (488) heap_init: At 3FFB7798 len 00028868 (162 KiB): DRAM[0m
[0;32mI (494) heap_init: At 3FFE0440 len 00003AE0 (14 KiB): D/IRAM[0m
[0;32mI (501) heap_init: At 3FFE4350 len 0001BCB0 (111 KiB): D/IRAM[0m
[0;32mI (507) heap_init: At 40095A94 len 0000A56C (41 KiB): IRAM[0m
[0;32mI (515) spi_flash: detected chip: generic[0m
[0;32mI (518) spi_flash: flash io: dio[0m
[0;33mW (522) spi_flash: Detected size(4096k) larger than the size in the binary image header(2048k). Using the size in the binary image header.[0m
[0;32mI (536) app_start: Starting scheduler on CPU0[0m
[0;32mI (540) app_start: Starting scheduler on CPU1[0m
[0;32mI (540) main_task: Started on CPU0[0m
[0;32mI (550) main_task: Calling app_main()[0m
[0;32mI (570) wifi softAP: ESP_WIFI_MODE_AP[0m
I (590) wifi:wifi driver task: 3ffbf6a8, prio:23, stack:6656, core=0
I (600) wifi:wifi firmware version: a581065
I (600) wifi:wifi certification version: v7.0
I (600) wifi:config NVS flash: enabled
I (600) wifi:config nano formating: disabled
I (600) wifi:Init data frame dynamic rx buffer num: 32
I (610) wifi:Init management frame dynamic rx buffer num: 32
I (610) wifi:Init management short buffer num: 32
I (620) wifi:Init dynamic tx buffer num: 32
I (620) wifi:Init static rx buffer size: 1600
I (620) wifi:Init static rx buffer num: 10
I (630) wifi:Init dynamic rx buffer num: 32
[0;32mI (630) wifi_init: rx ba win: 6[0m
[0;32mI (630) wifi_init: tcpip mbox: 32[0m
[0;32mI (640) wifi_init: udp mbox: 6[0m
[0;32mI (640) wifi_init: tcp mbox: 6[0m
[0;32mI (650) wifi_init: tcp tx win: 5744[0m
[0;32mI (650) wifi_init: tcp rx win: 5744[0m
[0;32mI (650) wifi_init: tcp mss: 1440[0m
[0;32mI (660) wifi_init: WiFi IRAM OP enabled[0m
[0;32mI (660) wifi_init: WiFi RX IRAM OP enabled[0m
W (680) wifi:Affected by the ESP-NOW encrypt num, set the max connection num to 10
[0;32mI (1840) phy_init: phy_version 4771,450c73b,Aug 16 2023,11:03:10[0m
[0;33mW (1840) phy_init: failed to load RF calibration data (0xffffffff), falling back to full calibration[0m
I (1990) wifi:mode : softAP (08:3a:f2:a8:c4:55)
I (2100) wifi:Total power save buffer number: 16
I (2100) wifi:Init max length of beacon: 752/752
I (2100) wifi:Init max length of beacon: 752/752
[0;32mI (2100) main_task: Returned from app_main()[0m
[0;32mI (2100) esp_netif_lwip: DHCP server started on interface WIFI_AP_DEF with IP: 192.168.4.1[0m
ets Jun  8 2016 00:22:57

rst:0x8 (TG1WDT_SYS_RESET),boot:0x13 (SPI_FAST_FLASH_BOOT)
configsip: 0, SPIWP:0xee
clk_drv:0x00,q_drv:0x00,d_drv:0x00,cs0_drv:0x00,hd_drv:0x00,wp_drv:0x00
mode:DIO, clock div:2
load:0x3fff0030,len:7132
ho 0 tail 12 room 4
load:0x40078000,len:15708
load:0x40080400,len:4
ho 8 tail 4 room 4
load:0x40080404,len:3884
entry 0x40080650
[0;32mI (65) boot: ESP-IDF v5.2-dev-2368-g52bca70b1a 2nd stage bootloader[0m
[0;32mI (65) boot: compile time Aug 24 2023 18:13:04[0m
[0;32mI (67) boot: Multicore bootloader[0m
[0;32mI (72) boot: chip revision: v1.0[0m
[0;32mI (75) boot.esp32: SPI Speed      : 40MHz[0m
[0;32mI (80) boot.esp32: SPI Mode       : DIO[0m
[0;32mI (85) boot.esp32: SPI Flash Size : 2MB[0m
[0;33mW (89) boot.esp32: PRO CPU has been reset by WDT.[0m
[0;33mW (94) boot.esp32: WDT reset info: PRO CPU PC=0x4008189d[0m
[0;33mW (100) boot.esp32: WDT reset info: APP CPU PC=0x4008189d[0m
[0;32mI (107) boot: Enabling RNG early entropy source...[0m
[0;32mI (112) boot: Partition Table:[0m
[0;32mI (116) boot: ## Label            Usage          Type ST Offset   Length[0m
[0;32mI (123) boot:  0 nvs              WiFi data        01 02 00009000 00006000[0m
[0;32mI (131) boot:  1 phy_init         RF data          01 01 0000f000 00001000[0m
[0;32mI (138) boot:  2 factory          factory app      00 00 00010000 00100000[0m
[0;32mI (146) boot: End of partition table[0m
[0;32mI (150) esp_image: segment 0: paddr=00010020 vaddr=3f400020 size=2014ch (131404) map[0m
[0;32mI (206) esp_image: segment 1: paddr=00030174 vaddr=3ffb0000 size=0370ch ( 14092) load[0m
[0;32mI (212) esp_image: segment 2: paddr=00033888 vaddr=40080000 size=0c790h ( 51088) load[0m
[0;32mI (233) esp_image: segment 3: paddr=00040020 vaddr=400d0020 size=7f9b4h (522676) map[0m
[0;32mI (422) esp_image: segment 4: paddr=000bf9dc vaddr=4008c790 size=09304h ( 37636) load[0m
[0;32mI (449) boot: Loaded app from partition at offset 0x10000[0m
[0;32mI (449) boot: Disabling RNG early entropy source...[0m
[0;32mI (460) cpu_start: Multicore app[0m
[0;32mI (461) cpu_start: Pro cpu up.[0m
[0;32mI (461) cpu_start: Starting app cpu, entry point is 0x400811d4[0m
[0;32mI (0) cpu_start: App cpu up.[0m
ets Jun  8 2016 00:22:57

rst:0x10 (RTCWDT_RTC_RESET),boot:0x13 (SPI_FAST_FLASH_BOOT)
configsip: 0, SPIWP:0xee
clk_drv:0x00,q_drv:0x00,d_drv:0x00,cs0_drv:0x00,hd_drv:0x00,wp_drv:0x00
mode:DIO, clock div:2
load:0x3fff0030,len:7132
ho 0 tail 12 room 4
load:0x40078000,len:15708
load:0x40080400,len:4
ho 8 tail 4 room 4
load:0x40080404,len:3884
entry 0x40080650
[0;32mI (32) boot: ESP-IDF v5.2-dev-2368-g52bca70b1a 2nd stage bootloader[0m
[0;32mI (32) boot: compile time Aug 24 2023 18:13:04[0m
[0;32mI (34) boot: Multicore bootloader[0m
[0;32mI (38) boot: chip revision: v1.0[0m
[0;32mI (42) boot.esp32: SPI Speed      : 40MHz[0m
[0;32mI (46) boot.esp32: SPI Mode       : DIO[0m
[0;32mI (51) boot.esp32: SPI Flash Size : 2MB[0m
[0;32mI (56) boot: Enabling RNG early entropy source...[0m
[0;32mI (61) boot: Partition Table:[0m
[0;32mI (65) boot: ## Label            Usage          Type ST Offset   Length[0m
[0;32mI (72) boot:  0 nvs              WiFi data        01 02 00009000 00006000[0m
[0;32mI (79) boot:  1 phy_init         RF data          01 01 0000f000 00001000[0m
[0;32mI (87) boot:  2 factory          factory app      00 00 00010000 00100000[0m
[0;32mI (94) boot: End of partition table[0m
[0;32mI (98) esp_image: segment 0: paddr=00010020 vaddr=3f400020 size=2014ch (131404) map[0m
[0;32mI (154) esp_image: segment 1: paddr=00030174 vaddr=3ffb0000 size=0370ch ( 14092) load[0m
[0;32mI (160) esp_image: segment 2: paddr=00033888 vaddr=40080000 size=0c790h ( 51088) load[0m
[0;32mI (182) esp_image: segment 3: paddr=00040020 vaddr=400d0020 size=7f9b4h (522676) map[0m
[0;32mI (371) esp_image: segment 4: paddr=000bf9dc vaddr=4008c790 size=09304h ( 37636) load[0m
[0;32mI (397) boot: Loaded app from partition at offset 0x10000[0m
[0;32mI (397) boot: Disabling RNG early entropy source...[0m
[0;32mI (409) cpu_start: Multicore app[0m
[0;32mI (409) cpu_start: Pro cpu up.[0m
[0;32mI (409) cpu_start: Starting app cpu, entry point is 0x400811d4[0m
[0;32mI (0) cpu_start: App cpu up.[0m
[0;32mI (427) cpu_start: Pro cpu start user code[0m
[0;32mI (427) cpu_start: cpu freq: 160000000 Hz[0m
[0;32mI (427) cpu_start: Application information:[0m
[0;32mI (432) cpu_start: Project name:     wifi_softAP[0m
[0;32mI (437) cpu_start: App version:      501a2b3-dirty[0m
[0;32mI (443) cpu_start: Compile time:     Aug 24 2023 18:12:49[0m
[0;32mI (449) cpu_start: ELF file SHA256:  4b27d5745...[0m
[0;32mI (454) cpu_start: ESP-IDF:          v5.2-dev-2368-g52bca70b1a[0m
[0;32mI (461) cpu_start: Min chip rev:     v0.0[0m
[0;32mI (465) cpu_start: Max chip rev:     v3.99 [0m
[0;32mI (470) cpu_start: Chip rev:         v1.0[0m
[0;32mI (475) heap_init: Initializing. RAM available for dynamic allocation:[0m
[0;32mI (482) heap_init: At 3FFAE6E0 len 00001920 (6 KiB): DRAM[0m
[0;32mI (488) heap_init: At 3FFB7798 len 00028868 (162 KiB): DRAM[0m
[0;32mI (494) heap_init: At 3FFE0440 len 00003AE0 (14 KiB): D/IRAM[0m
[0;32mI (501) heap_init: At 3FFE4350 len 0001BCB0 (111 KiB): D/IRAM[0m
[0;32mI (507) heap_init: At 40095A94 len 0000A56C (41 KiB): IRAM[0m
[0;32mI (515) spi_flash: detected chip: generic[0m
[0;32mI (518) spi_flash: flash io: dio[0m
[0;33mW (522) spi_flash: Detected size(4096k) larger than the size in the binary image header(2048k). Using the size in the binary image header.[0m
[0;32mI (536) app_start: Starting scheduler on CPU0[0m
[0;32mI (540) app_start: Starting scheduler on CPU1[0m
[0;32mI (540) main_task: Started on CPU0[0m
[0;32mI (550) main_task: Calling app_main()[0m
[0;32mI (570) wifi softAP: ESP_WIFI_MODE_AP[0m
I (580) wifi:wifi driver task: 3ffbf72c, prio:23, stack:6656, core=0
I (590) wifi:wifi firmware version: a581065
I (590) wifi:wifi certification version: v7.0
I (590) wifi:config NVS flash: enabled
I (590) wifi:config nano formating: disabled
I (590) wifi:Init data frame dynamic rx buffer num: 32
I (600) wifi:Init management frame dynamic rx buffer num: 32
I (600) wifi:Init management short buffer num: 32
I (610) wifi:Init dynamic tx buffer num: 32
I (610) wifi:Init static rx buffer size: 1600
I (610) wifi:Init static rx buffer num: 10
I (620) wifi:Init dynamic rx buffer num: 32
[0;32mI (620) wifi_init: rx ba win: 6[0m
[0;32mI (630) wifi_init: tcpip mbox: 32[0m
[0;32mI (630) wifi_init: udp mbox: 6[0m
[0;32mI (630) wifi_init: tcp mbox: 6[0m
[0;32mI (640) wifi_init: tcp tx win: 5744[0m
[0;32mI (640) wifi_init: tcp rx win: 5744[0m
[0;32mI (650) wifi_init: tcp mss: 1440[0m
[0;32mI (650) wifi_init: WiFi IRAM OP enabled[0m
[0;32mI (650) wifi_init: WiFi RX IRAM OP enabled[0m
W (660) wifi:Affected by the ESP-NOW encrypt num, set the max connection num to 10
[0;32mI (670) phy_init: phy_version 4771,450c73b,Aug 16 2023,11:03:10[0m
I (750) wifi:mode : softAP (08:3a:f2:a8:c4:55)
I (860) wifi:Total power save buffer number: 16
I (860) wifi:Init ï¿½ax length of beacon: 752/752
I (860) wifi:Init max length of beacon: 752/752
[0;32mI (870) main_task: Returned from app_main()[0m
[0;32mI (870) esp_netif_lwip: DHCP server started on interface WIFI_AP_DEF with IP: 192.168.4.1[0m
ets Jun  8 2016 00:22:57

rst:0x7 (TG0WDT_SYS_RESET),boot:0x13 (SPI_FAST_FLASH_BOOT)
configsip: 0, SPIWP:0xee
clk_drv:0x00,q_drv:0x00,d_drv:0x00,cs0_drv:0x00,hd_drv:0x00,wp_drv:0x00
mode:DIO, clock div:2
load:0x3fff0030,len:7132
ho 0 tail 12 room 4
load:0x40078000,len:15708
load:0x40080400,len:4
ho 8 tail 4 room 4
load:0x40080404,len:3884
entry 0x40080650
[0;32mI (65) boot: ESP-IDF v5.2-dev-2368-g52bca70b1a 2nd stage bootloader[0m
[0;32mI (65) boot: compile time Aug 24 2023 18:13:04[0m
[0;32mI (67) boot: Multicore bootloader[0m
[0;32mI (72) boot: chip revision: v1.0[0m
[0;32mI (75) boot.esp32: SPI Speed      : 40MHz[0m
[0;32mI (80) boot.esp32: SPI Mode       : DIO[0m
[0;32mI (85) boot.esp32: SPI Flash Size : 2MB[0m
[0;33mW (89) boot.esp32: PRO CPU has been reset by WDT.[0m
[0;33mW (94) boot.esp32: WDT reset info: PRO CPU PC=0x40083134[0m
[0;33mW (100) boot.esp32: WDT reset info: APP CPU PC=0x40087d1a (waiti mode)[0m
[0;32mI (108) boot: Enabling RNG early entropy source...[0m
[0;32mI (113) boot: Partition Table:[0m
[0;32mI (117) boot: ## Label            Usage          Type ST Offset   Length[0m
[0;32mI (124) boot:  0 nvs              WiFi data        01 02 00009000 00006000[0m
[0;32mI (132) boot:  1 phy_init         RF data          01 01 0000f000 00001000[0m
[0;32mI (139) boot:  2 factory          factory app      00 00 00010000 00100000[0m
[0;32mI (147) boot: End of partition table[0m
[0;32mI (151) esp_image: segment 0: paddr=00010020 vaddr=3f400020 size=2014ch (131404) map[0m
[0;32mI (207) esp_image: segment 1: paddr=00030174 vaddr=3ffb0000 size=0370ch ( 14092) load[0m
[0;32mI (213) esp_image: segment 2: paddr=00033888 vaddr=40080000 size=0c790h ( 51088) load[0m
[0;32mI (234) esp_image: segment 3: paddr=00040020 vaddr=400d0020 size=7f9b4h (522676) map[0m
[0;32mI (423) esp_image: segment 4: paddr=000bf9dc vaddr=4008c790 size=09304h ( 37636) load[0m
[0;32mI (450) boot: Loaded app from partition at offset 0x10000[0m
[0;32mI (450) boot: Disabling RNG early entropy source...[0m
[0;32mI (461) cpu_start: Multicore app[0m
[0;32mI (462) cpu_start: Pro cpu up.[0m
[0;32mI (462) cpu_start: Starting app cpu, entry point is 0x400811d4[0m
[0;32mI (0) cpu_start: App cpu up.[0m
ets Jun  8 2016 00:22:57

rst:0x10 (RTCWDT_RTC_RESET),boot:0x13 (SPI_FAST_FLASH_BOOT)
configsip: 0, SPIWP:0xee
clk_drv:0x00,q_drv:0x00,d_drv:0x00,cs0_drv:0x00,hd_drv:0x00,wp_drv:0x00
mode:DIO, clock div:2
load:0x3fff0030,len:7132
ho 0 tail 12 room 4
load:0x40078000,len:15708
load:0x40080400,len:4
ho 8 tail 4 room 4
load:0x40080404,len:3884
entry 0x40080650
[0;32mI (32) boot: ESP-IDF v5.2-dev-2368-g52bca70b1a 2nd stage bootloader[0m
[0;32mI (32) boot: compile time Aug 24 2023 18:13:04[0m
[0;32mI (34) boot: Multicore bootloader[0m
[0;32mI (38) boot: chip revision: v1.0[0m
[0;32mI (42) boot.esp32: SPI Speed      : 40MHz[0m
[0;32mI (46) boot.esp32: SPI Mode       : DIO[0m
[0;32mI (51) boot.esp32: SPI Flash Size : 2MB[0m
[0;32mI (56) boot: Enabling RNG early entropy source...[0m
[0;32mI (61) boot: Partition Table:[0m
[0;32mI (65) boot: ## Label            Usage          Type ST Offset   Length[0m
[0;32mI (72) boot:  0 nvs              WiFi data        01 02 00009000 00006000[0m
[0;32mI (79) boot:  1 phy_init         RF data          01 01 0000f000 00001000[0m
[0;32mI (87) boot:  2 factory          factory app      00 00 00010000 00100000[0m
[0;32mI (94) boot: End of partition table[0m
[0;32mI (98) esp_image: segment 0: paddr=00010020 vaddr=3f400020 size=2014ch (131404) map[0m
[0;32mI (154) esp_image: segment 1: paddr=00030174 vaddr=3ffb0000 size=0370ch ( 14092) load[0m
[0;32mI (160) esp_image: segment 2: paddr=00033888 vaddr=40080000 size=0c790h ( 51088) load[0m
[0;32mI (182) esp_image: segment 3: paddr=00040020 vaddr=400d0020 size=7f9b4h (522676) map[0m
[0;32mI (371) esp_image: segment 4: paddr=000bf9dc vaddr=4008c790 size=09304h ( 37636) load[0m
[0;32mI (397) boot: Loaded app from partition at offset 0x10000[0m
[0;32mI (397) boot: Disabling RNG early entropy source...[0m
[0;32mI (409) cpu_start: Multicore app[0m
[0;32mI (409) cpu_start: Pro cpu up.[0m
[0;32mI (409) cpu_start: Starting app cpu, entry point is 0x400811d4[0m
[0;32mI (0) cpu_start: App cpu up.[0m
[0;32mI (427) cpu_start: Pro cpu start user code[0m
[0;32mI (427) cpu_start: cpu freq: 160000000 Hz[0m
[0;32mI (427) cpu_start: Application information:[0m
[0;32mI (432) cpu_start: Project name:     wifi_softAP[0m
[0;32mI (437) cpu_start: App version:      501a2b3-dirty[0m
[0;32mI (443) cpu_start: Compile time:     Aug 24 2023 18:12:49[0m
[0;32mI (449) cpu_start: ELF file SHA256:  4b27d5745...[0m
[0;32mI (454) cpu_start: ESP-IDF:          v5.2-dev-2368-g52bca70b1a[0m
[0;32mI (461) cpu_start: Min chip rev:     v0.0[0m
[0;32mI (465) cpu_start: Max chip rev:     v3.99 [0m
[0;32mI (470) cpu_start: Chip rev:         v1.0[0m
[0;32mI (475) heap_init: Initializing. RAM available for dynamic allocation:[0m
[0;32mI (482) heap_init: At 3FFAE6E0 len 00001920 (6 KiB): DRAM[0m
[0;32mI (488) heap_init: At 3FFB7798 len 00028868 (162 KiB): DRAM[0m
[0;32mI (494) heap_init: At 3FFE0440 len 00003AE0 (14 KiB): D/IRAM[0m
[0;32mI (501) heap_init: At 3FFE4350 len 0001BCB0 (111 KiB): D/IRAM[0m
[0;32mI (507) heap_init: At 40095A94 len 0000A56C (41 KiB): IRAM[0m
[0;32mI (515) spi_flash: detected chip: generic[0m
[0;32mI (518) spi_flash: flash io: dio[0m
[0;33mW (522) spi_flash: Detected size(4096k) larger than the size in the binary image header(2048k). Using the size in the binary image header.[0m
[0;32mI (536) app_start: Starting scheduler on CPU0[0m
[0;32mI (540) app_start: Starting scheduler on CPU1[0m
[0;32mI (540) main_task: Started on CPU0[0m
[0;32mI (550) main_task: Calling app_main()[0m
[0;32mI (570) wifi softAP: ESP_WIFI_MODE_AP[0m
I (580) wifi:wifi driver task: 3ffbf72c, prio:23, stack:6656, core=0
I (590) wifi:wifi firmware version: a581065
I (590) wifi:wifi certification version: v7.0
I (590) wifi:config NVS flash: enabled
I (590) wifi:config nano formating: disabled
I (590) wifi:Init data frame dynamic rx buffer num: 32
I (600) wifi:Init management frame dynamic rx buffer num: 32
I (600) wifi:Init management short buffer num: 32
I (610) wifi:Init dynamic tx buffer num: 32
I (610) wifi:Init static rx buffer size: 1600
I (610) wifi:Init static rx buffer num: 10
I (620) wifi:Init dynamic rx buffer num: 32
[0;32mI (620) wifi_init: rx ba win: 6[0m
[0;32mI (630) wifi_init: tcpip mbox: 32[0m
[0;32mI (630) wifi_init: udp mbox: 6[0m
[0;32mI (630) wifi_init: tcp mbox: 6[0m
[0;32mI (640) wifi_init: tcp tx win: 5744[0m
[0;32mI (640) wifi_init: tcp rx win: 5744[0m
[0;32mI (650) wifi_init: tcp mss: 1440[0m
[0;32mI (650) wifi_init: WiFi IRAM OP enabled[0m
[0;32mI (650) wifi_init: WiFi RX IRAM OP enabled[0m
W (660) wifi:Affected by the ESP-NOW encrypt num, set the max connection num to 10
[0;32mI (670) phy_init: phy_version 4771,450c73b,Aug 16 2023,11:03:10[0m
I (750) wifi:mode : softAP (08:3a:f2:a8:c4:55)
I (860) wifi:Total power save buffer number: 16
I (860) wifi:Init max length of beacon: 752/752
I (870ï¿½ wifi:Init max length of beacon: 752/752
[0;32mI (870) main_task: Returned from app_main()[0m
[0;32mI (870) esp_netif_lwip: DHCP server started on interface WIFI_AP_DEF with IP: 192.168.4.1[0m
